
         /\      Grafana   /‾‾/  
    /\  /  \     |\  __   /  /   
   /  \/    \    | |/ /  /   ‾‾\ 
  /          \   |   (  |  (‾)  |
 / __________ \  |_|\_\  \_____/ 


     execution: local
        script: k6/redis-fallback-test.js
        output: -

     scenarios: (100.00%) 1 scenario, 100 max VUs, 2m0s max duration (incl. graceful stop):
              * default: 100 looping VUs for 1m30s (gracefulStop: 30s)


running (0m01.0s), 100/100 VUs, 1464 complete and 0 interrupted iterations
default   [   1% ] 100 VUs  0m01.0s/1m30s

running (0m02.0s), 100/100 VUs, 4102 complete and 0 interrupted iterations
default   [   2% ] 100 VUs  0m02.0s/1m30s

running (0m03.0s), 100/100 VUs, 7304 complete and 0 interrupted iterations
default   [   3% ] 100 VUs  0m03.0s/1m30s

running (0m04.0s), 100/100 VUs, 11318 complete and 0 interrupted iterations
default   [   4% ] 100 VUs  0m04.0s/1m30s

running (0m05.0s), 100/100 VUs, 15705 complete and 0 interrupted iterations
default   [   6% ] 100 VUs  0m05.0s/1m30s

running (0m06.0s), 100/100 VUs, 19805 complete and 0 interrupted iterations
default   [   7% ] 100 VUs  0m06.0s/1m30s

running (0m07.0s), 100/100 VUs, 24179 complete and 0 interrupted iterations
default   [   8% ] 100 VUs  0m07.0s/1m30s

running (0m08.0s), 100/100 VUs, 29309 complete and 0 interrupted iterations
default   [   9% ] 100 VUs  0m08.0s/1m30s

running (0m09.0s), 100/100 VUs, 34301 complete and 0 interrupted iterations
default   [  10% ] 100 VUs  0m09.0s/1m30s

running (0m10.0s), 100/100 VUs, 39415 complete and 0 interrupted iterations
default   [  11% ] 100 VUs  0m10.0s/1m30s

running (0m11.0s), 100/100 VUs, 45021 complete and 0 interrupted iterations
default   [  12% ] 100 VUs  0m11.0s/1m30s

running (0m12.0s), 100/100 VUs, 50605 complete and 0 interrupted iterations
default   [  13% ] 100 VUs  0m12.0s/1m30s

running (0m13.0s), 100/100 VUs, 57234 complete and 0 interrupted iterations
default   [  14% ] 100 VUs  0m13.0s/1m30s

running (0m14.0s), 100/100 VUs, 63132 complete and 0 interrupted iterations
default   [  16% ] 100 VUs  0m14.0s/1m30s

running (0m15.0s), 100/100 VUs, 69519 complete and 0 interrupted iterations
default   [  17% ] 100 VUs  0m15.0s/1m30s

running (0m16.0s), 100/100 VUs, 76917 complete and 0 interrupted iterations
default   [  18% ] 100 VUs  0m16.0s/1m30s

running (0m17.0s), 100/100 VUs, 84587 complete and 0 interrupted iterations
default   [  19% ] 100 VUs  0m17.0s/1m30s

running (0m18.0s), 100/100 VUs, 91603 complete and 0 interrupted iterations
default   [  20% ] 100 VUs  0m18.0s/1m30s

running (0m19.0s), 100/100 VUs, 98764 complete and 0 interrupted iterations
default   [  21% ] 100 VUs  0m19.0s/1m30s

running (0m20.0s), 100/100 VUs, 105341 complete and 0 interrupted iterations
default   [  22% ] 100 VUs  0m20.0s/1m30s

running (0m21.0s), 100/100 VUs, 114229 complete and 0 interrupted iterations
default   [  23% ] 100 VUs  0m21.0s/1m30s

running (0m22.0s), 100/100 VUs, 122964 complete and 0 interrupted iterations
default   [  24% ] 100 VUs  0m22.0s/1m30s

running (0m23.0s), 100/100 VUs, 129914 complete and 0 interrupted iterations
default   [  26% ] 100 VUs  0m23.0s/1m30s

running (0m24.0s), 100/100 VUs, 138838 complete and 0 interrupted iterations
default   [  27% ] 100 VUs  0m24.0s/1m30s

running (0m25.0s), 100/100 VUs, 147401 complete and 0 interrupted iterations
default   [  28% ] 100 VUs  0m25.0s/1m30s

running (0m26.0s), 100/100 VUs, 155341 complete and 0 interrupted iterations
default   [  29% ] 100 VUs  0m26.0s/1m30s

running (0m27.0s), 100/100 VUs, 164613 complete and 0 interrupted iterations
default   [  30% ] 100 VUs  0m27.0s/1m30s

running (0m28.0s), 100/100 VUs, 173602 complete and 0 interrupted iterations
default   [  31% ] 100 VUs  0m28.0s/1m30s

running (0m29.0s), 100/100 VUs, 183056 complete and 0 interrupted iterations
default   [  32% ] 100 VUs  0m29.0s/1m30s

running (0m30.0s), 100/100 VUs, 190745 complete and 0 interrupted iterations
default   [  33% ] 100 VUs  0m30.0s/1m30s

running (0m31.0s), 100/100 VUs, 191145 complete and 0 interrupted iterations
default   [  34% ] 100 VUs  0m31.0s/1m30s

running (0m32.0s), 100/100 VUs, 191645 complete and 0 interrupted iterations
default   [  36% ] 100 VUs  0m32.0s/1m30s

running (0m33.0s), 100/100 VUs, 192053 complete and 0 interrupted iterations
default   [  37% ] 100 VUs  0m33.0s/1m30s

running (0m34.0s), 100/100 VUs, 192545 complete and 0 interrupted iterations
default   [  38% ] 100 VUs  0m34.0s/1m30s

running (0m35.0s), 100/100 VUs, 193045 complete and 0 interrupted iterations
default   [  39% ] 100 VUs  0m35.0s/1m30s

running (0m36.0s), 100/100 VUs, 193545 complete and 0 interrupted iterations
default   [  40% ] 100 VUs  0m36.0s/1m30s

running (0m37.0s), 100/100 VUs, 193947 complete and 0 interrupted iterations
default   [  41% ] 100 VUs  0m37.0s/1m30s

running (0m38.0s), 100/100 VUs, 194447 complete and 0 interrupted iterations
default   [  42% ] 100 VUs  0m38.0s/1m30s

running (0m39.0s), 100/100 VUs, 194947 complete and 0 interrupted iterations
default   [  43% ] 100 VUs  0m39.0s/1m30s

running (0m40.0s), 100/100 VUs, 195420 complete and 0 interrupted iterations
default   [  44% ] 100 VUs  0m40.0s/1m30s

running (0m41.0s), 100/100 VUs, 195848 complete and 0 interrupted iterations
default   [  46% ] 100 VUs  0m41.0s/1m30s

running (0m42.0s), 100/100 VUs, 196347 complete and 0 interrupted iterations
default   [  47% ] 100 VUs  0m42.0s/1m30s

running (0m43.0s), 100/100 VUs, 196847 complete and 0 interrupted iterations
default   [  48% ] 100 VUs  0m43.0s/1m30s

running (0m44.0s), 100/100 VUs, 197347 complete and 0 interrupted iterations
default   [  49% ] 100 VUs  0m44.0s/1m30s

running (0m45.0s), 100/100 VUs, 197847 complete and 0 interrupted iterations
default   [  50% ] 100 VUs  0m45.0s/1m30s

running (0m46.0s), 100/100 VUs, 198261 complete and 0 interrupted iterations
default   [  51% ] 100 VUs  0m46.0s/1m30s

running (0m47.0s), 100/100 VUs, 198750 complete and 0 interrupted iterations
default   [  52% ] 100 VUs  0m47.0s/1m30s

running (0m48.0s), 100/100 VUs, 199250 complete and 0 interrupted iterations
default   [  53% ] 100 VUs  0m48.0s/1m30s

running (0m49.0s), 100/100 VUs, 199750 complete and 0 interrupted iterations
default   [  54% ] 100 VUs  0m49.0s/1m30s

running (0m50.0s), 100/100 VUs, 200250 complete and 0 interrupted iterations
default   [  56% ] 100 VUs  0m50.0s/1m30s

running (0m51.0s), 100/100 VUs, 200747 complete and 0 interrupted iterations
default   [  57% ] 100 VUs  0m51.0s/1m30s

running (0m52.0s), 100/100 VUs, 201150 complete and 0 interrupted iterations
default   [  58% ] 100 VUs  0m52.0s/1m30s

running (0m53.0s), 100/100 VUs, 201650 complete and 0 interrupted iterations
default   [  59% ] 100 VUs  0m53.0s/1m30s

running (0m54.0s), 100/100 VUs, 202150 complete and 0 interrupted iterations
default   [  60% ] 100 VUs  0m54.0s/1m30s

running (0m55.0s), 100/100 VUs, 202565 complete and 0 interrupted iterations
default   [  61% ] 100 VUs  0m55.0s/1m30s

running (0m56.0s), 100/100 VUs, 203065 complete and 0 interrupted iterations
default   [  62% ] 100 VUs  0m56.0s/1m30s

running (0m57.0s), 100/100 VUs, 203550 complete and 0 interrupted iterations
default   [  63% ] 100 VUs  0m57.0s/1m30s

running (0m58.0s), 100/100 VUs, 204050 complete and 0 interrupted iterations
default   [  64% ] 100 VUs  0m58.0s/1m30s

running (0m59.0s), 100/100 VUs, 204465 complete and 0 interrupted iterations
default   [  66% ] 100 VUs  0m59.0s/1m30s

running (1m00.0s), 100/100 VUs, 204965 complete and 0 interrupted iterations
default   [  67% ] 100 VUs  1m00.0s/1m30s

running (1m01.0s), 100/100 VUs, 205465 complete and 0 interrupted iterations
default   [  68% ] 100 VUs  1m01.0s/1m30s

running (1m02.0s), 100/100 VUs, 205914 complete and 0 interrupted iterations
default   [  69% ] 100 VUs  1m02.0s/1m30s

running (1m03.0s), 100/100 VUs, 206365 complete and 0 interrupted iterations
default   [  70% ] 100 VUs  1m03.0s/1m30s

running (1m04.0s), 100/100 VUs, 206865 complete and 0 interrupted iterations
default   [  71% ] 100 VUs  1m04.0s/1m30s

running (1m05.0s), 100/100 VUs, 207365 complete and 0 interrupted iterations
default   [  72% ] 100 VUs  1m05.0s/1m30s

running (1m06.0s), 100/100 VUs, 207765 complete and 0 interrupted iterations
default   [  73% ] 100 VUs  1m06.0s/1m30s

running (1m07.0s), 100/100 VUs, 212112 complete and 0 interrupted iterations
default   [  74% ] 100 VUs  1m07.0s/1m30s

running (1m08.0s), 100/100 VUs, 217932 complete and 0 interrupted iterations
default   [  76% ] 100 VUs  1m08.0s/1m30s

running (1m09.0s), 100/100 VUs, 226922 complete and 0 interrupted iterations
default   [  77% ] 100 VUs  1m09.0s/1m30s

running (1m10.0s), 100/100 VUs, 235342 complete and 0 interrupted iterations
default   [  78% ] 100 VUs  1m10.0s/1m30s

running (1m11.0s), 100/100 VUs, 244553 complete and 0 interrupted iterations
default   [  79% ] 100 VUs  1m11.0s/1m30s

running (1m12.0s), 100/100 VUs, 253357 complete and 0 interrupted iterations
default   [  80% ] 100 VUs  1m12.0s/1m30s

running (1m13.0s), 100/100 VUs, 262612 complete and 0 interrupted iterations
default   [  81% ] 100 VUs  1m13.0s/1m30s

running (1m14.0s), 100/100 VUs, 272164 complete and 0 interrupted iterations
default   [  82% ] 100 VUs  1m14.0s/1m30s

running (1m15.0s), 100/100 VUs, 281753 complete and 0 interrupted iterations
default   [  83% ] 100 VUs  1m15.0s/1m30s

running (1m16.0s), 100/100 VUs, 290747 complete and 0 interrupted iterations
default   [  84% ] 100 VUs  1m16.0s/1m30s

running (1m17.0s), 100/100 VUs, 299837 complete and 0 interrupted iterations
default   [  86% ] 100 VUs  1m17.0s/1m30s

running (1m18.0s), 100/100 VUs, 309220 complete and 0 interrupted iterations
default   [  87% ] 100 VUs  1m18.0s/1m30s

running (1m19.0s), 100/100 VUs, 319000 complete and 0 interrupted iterations
default   [  88% ] 100 VUs  1m19.0s/1m30s

running (1m20.0s), 100/100 VUs, 324982 complete and 0 interrupted iterations
default   [  89% ] 100 VUs  1m20.0s/1m30s

running (1m21.0s), 100/100 VUs, 331304 complete and 0 interrupted iterations
default   [  90% ] 100 VUs  1m21.0s/1m30s

running (1m22.0s), 100/100 VUs, 337736 complete and 0 interrupted iterations
default   [  91% ] 100 VUs  1m22.0s/1m30s

running (1m23.0s), 100/100 VUs, 344885 complete and 0 interrupted iterations
default   [  92% ] 100 VUs  1m23.0s/1m30s

running (1m24.0s), 100/100 VUs, 353870 complete and 0 interrupted iterations
default   [  93% ] 100 VUs  1m24.0s/1m30s

running (1m25.0s), 100/100 VUs, 361903 complete and 0 interrupted iterations
default   [  94% ] 100 VUs  1m25.0s/1m30s

running (1m26.0s), 100/100 VUs, 371502 complete and 0 interrupted iterations
default   [  96% ] 100 VUs  1m26.0s/1m30s

running (1m27.0s), 100/100 VUs, 381471 complete and 0 interrupted iterations
default   [  97% ] 100 VUs  1m27.0s/1m30s

running (1m28.0s), 100/100 VUs, 390995 complete and 0 interrupted iterations
default   [  98% ] 100 VUs  1m28.0s/1m30s

running (1m29.0s), 100/100 VUs, 400492 complete and 0 interrupted iterations
default   [  99% ] 100 VUs  1m29.0s/1m30s

running (1m30.0s), 100/100 VUs, 409954 complete and 0 interrupted iterations
default   [ 100% ] 100 VUs  1m30.0s/1m30s


  █ THRESHOLDS 

    checks
    ✓ 'rate>0.99' rate=100.00%

    http_req_duration
    ✓ 'p(95)<1000' p(95)=49.1ms

    http_req_failed
    ✓ 'rate<0.01' rate=0.00%


  █ TOTAL RESULTS 

    checks_total.......: 820732  9118.090905/s
    checks_succeeded...: 100.00% 820732 out of 820732
    checks_failed......: 0.00%   0 out of 820732

    ✓ redirect status is 302
    ✓ location header exists

    HTTP
    http_req_duration..............: avg=21.75ms min=990µs  med=11.49ms max=303.27ms p(90)=25.19ms p(95)=49.1ms 
      { expected_response:true }...: avg=21.75ms min=990µs  med=11.49ms max=303.27ms p(90)=25.19ms p(95)=49.1ms 
    http_req_failed................: 0.00%  0 out of 410366
    http_reqs......................: 410366 4559.045452/s

    EXECUTION
    iteration_duration.............: avg=21.91ms min=1.09ms med=11.63ms max=303.37ms p(90)=25.44ms p(95)=49.41ms
    iterations.....................: 410366 4559.045452/s
    vus............................: 100    min=100         max=100
    vus_max........................: 100    min=100         max=100

    NETWORK
    data_received..................: 53 MB  594 kB/s
    data_sent......................: 33 MB  365 kB/s




running (1m30.0s), 000/100 VUs, 410366 complete and 0 interrupted iterations
default ✓ [ 100% ] 100 VUs  1m30s
