
         /\      Grafana   /‾‾/  
    /\  /  \     |\  __   /  /   
   /  \/    \    | |/ /  /   ‾‾\ 
  /          \   |   (  |  (‾)  |
 / __________ \  |_|\_\  \_____/ 


     execution: local
        script: k6/redis-fallback-test.js
        output: -

     scenarios: (100.00%) 1 scenario, 100 max VUs, 2m30s max duration (incl. graceful stop):
              * default: 100 looping VUs for 2m0s (gracefulStop: 30s)


running (0m01.0s), 100/100 VUs, 2338 complete and 0 interrupted iterations
default   [   1% ] 100 VUs  0m01.0s/2m0s

running (0m02.0s), 100/100 VUs, 6827 complete and 0 interrupted iterations
default   [   2% ] 100 VUs  0m02.0s/2m0s

running (0m03.0s), 100/100 VUs, 12716 complete and 0 interrupted iterations
default   [   2% ] 100 VUs  0m03.0s/2m0s

running (0m04.0s), 100/100 VUs, 19984 complete and 0 interrupted iterations
default   [   3% ] 100 VUs  0m04.0s/2m0s

running (0m05.0s), 100/100 VUs, 26269 complete and 0 interrupted iterations
default   [   4% ] 100 VUs  0m05.0s/2m0s

running (0m06.0s), 100/100 VUs, 33351 complete and 0 interrupted iterations
default   [   5% ] 100 VUs  0m06.0s/2m0s

running (0m07.0s), 100/100 VUs, 41272 complete and 0 interrupted iterations
default   [   6% ] 100 VUs  0m07.0s/2m0s

running (0m08.0s), 100/100 VUs, 50813 complete and 0 interrupted iterations
default   [   7% ] 100 VUs  0m08.0s/2m0s

running (0m09.0s), 100/100 VUs, 60235 complete and 0 interrupted iterations
default   [   7% ] 100 VUs  0m09.0s/2m0s

running (0m10.0s), 100/100 VUs, 69905 complete and 0 interrupted iterations
default   [   8% ] 100 VUs  0m10.0s/2m0s

running (0m11.0s), 100/100 VUs, 79786 complete and 0 interrupted iterations
default   [   9% ] 100 VUs  0m11.0s/2m0s

running (0m12.0s), 100/100 VUs, 89582 complete and 0 interrupted iterations
default   [  10% ] 100 VUs  0m12.0s/2m0s

running (0m13.0s), 100/100 VUs, 95438 complete and 0 interrupted iterations
default   [  11% ] 100 VUs  0m13.0s/2m0s

running (0m14.0s), 100/100 VUs, 104812 complete and 0 interrupted iterations
default   [  12% ] 100 VUs  0m14.0s/2m0s

running (0m15.0s), 100/100 VUs, 112626 complete and 0 interrupted iterations
default   [  12% ] 100 VUs  0m15.0s/2m0s

running (0m16.0s), 100/100 VUs, 116671 complete and 0 interrupted iterations
default   [  13% ] 100 VUs  0m16.0s/2m0s

running (0m17.0s), 100/100 VUs, 120427 complete and 0 interrupted iterations
default   [  14% ] 100 VUs  0m17.0s/2m0s

running (0m18.0s), 100/100 VUs, 127914 complete and 0 interrupted iterations
default   [  15% ] 100 VUs  0m18.0s/2m0s

running (0m19.0s), 100/100 VUs, 131318 complete and 0 interrupted iterations
default   [  16% ] 100 VUs  0m19.0s/2m0s

running (0m20.0s), 100/100 VUs, 136241 complete and 0 interrupted iterations
default   [  17% ] 100 VUs  0m20.0s/2m0s

running (0m21.0s), 100/100 VUs, 138695 complete and 0 interrupted iterations
default   [  17% ] 100 VUs  0m21.0s/2m0s

running (0m22.0s), 100/100 VUs, 145419 complete and 0 interrupted iterations
default   [  18% ] 100 VUs  0m22.0s/2m0s

running (0m23.0s), 100/100 VUs, 152070 complete and 0 interrupted iterations
default   [  19% ] 100 VUs  0m23.0s/2m0s

running (0m24.0s), 100/100 VUs, 156267 complete and 0 interrupted iterations
default   [  20% ] 100 VUs  0m24.0s/2m0s

running (0m25.0s), 100/100 VUs, 161436 complete and 0 interrupted iterations
default   [  21% ] 100 VUs  0m25.0s/2m0s

running (0m26.0s), 100/100 VUs, 168907 complete and 0 interrupted iterations
default   [  22% ] 100 VUs  0m26.0s/2m0s

running (0m27.0s), 100/100 VUs, 173722 complete and 0 interrupted iterations
default   [  22% ] 100 VUs  0m27.0s/2m0s

running (0m28.0s), 100/100 VUs, 179850 complete and 0 interrupted iterations
default   [  23% ] 100 VUs  0m28.0s/2m0s

running (0m29.0s), 100/100 VUs, 187927 complete and 0 interrupted iterations
default   [  24% ] 100 VUs  0m29.0s/2m0s

running (0m30.0s), 100/100 VUs, 194104 complete and 0 interrupted iterations
default   [  25% ] 100 VUs  0m30.0s/2m0s

running (0m31.0s), 100/100 VUs, 201313 complete and 0 interrupted iterations
default   [  26% ] 100 VUs  0m31.0s/2m0s

running (0m32.0s), 100/100 VUs, 201877 complete and 0 interrupted iterations
default   [  27% ] 100 VUs  0m32.0s/2m0s

running (0m33.0s), 100/100 VUs, 202368 complete and 0 interrupted iterations
default   [  27% ] 100 VUs  0m33.0s/2m0s

running (0m34.0s), 100/100 VUs, 202868 complete and 0 interrupted iterations
default   [  28% ] 100 VUs  0m34.0s/2m0s

running (0m35.0s), 100/100 VUs, 203368 complete and 0 interrupted iterations
default   [  29% ] 100 VUs  0m35.0s/2m0s

running (0m36.0s), 100/100 VUs, 203821 complete and 0 interrupted iterations
default   [  30% ] 100 VUs  0m36.0s/2m0s

running (0m37.0s), 100/100 VUs, 204290 complete and 0 interrupted iterations
default   [  31% ] 100 VUs  0m37.0s/2m0s

running (0m38.0s), 100/100 VUs, 204776 complete and 0 interrupted iterations
default   [  32% ] 100 VUs  0m38.0s/2m0s

running (0m39.0s), 100/100 VUs, 205276 complete and 0 interrupted iterations
default   [  32% ] 100 VUs  0m39.0s/2m0s

running (0m40.0s), 100/100 VUs, 205690 complete and 0 interrupted iterations
default   [  33% ] 100 VUs  0m40.0s/2m0s

running (0m41.0s), 100/100 VUs, 206190 complete and 0 interrupted iterations
default   [  34% ] 100 VUs  0m41.0s/2m0s

running (0m42.0s), 100/100 VUs, 206690 complete and 0 interrupted iterations
default   [  35% ] 100 VUs  0m42.0s/2m0s

running (0m43.0s), 100/100 VUs, 207190 complete and 0 interrupted iterations
default   [  36% ] 100 VUs  0m43.0s/2m0s

running (0m44.0s), 100/100 VUs, 207648 complete and 0 interrupted iterations
default   [  37% ] 100 VUs  0m44.0s/2m0s

running (0m45.0s), 100/100 VUs, 208092 complete and 0 interrupted iterations
default   [  37% ] 100 VUs  0m45.0s/2m0s

running (0m46.0s), 100/100 VUs, 208590 complete and 0 interrupted iterations
default   [  38% ] 100 VUs  0m46.0s/2m0s

running (0m47.0s), 100/100 VUs, 209090 complete and 0 interrupted iterations
default   [  39% ] 100 VUs  0m47.0s/2m0s

running (0m48.0s), 100/100 VUs, 209498 complete and 0 interrupted iterations
default   [  40% ] 100 VUs  0m48.0s/2m0s

running (0m49.0s), 100/100 VUs, 209998 complete and 0 interrupted iterations
default   [  41% ] 100 VUs  0m49.0s/2m0s

running (0m50.0s), 100/100 VUs, 210497 complete and 0 interrupted iterations
default   [  42% ] 100 VUs  0m50.0s/2m0s

running (0m51.0s), 100/100 VUs, 210997 complete and 0 interrupted iterations
default   [  42% ] 100 VUs  0m51.0s/2m0s

running (0m52.0s), 100/100 VUs, 211412 complete and 0 interrupted iterations
default   [  43% ] 100 VUs  0m52.0s/2m0s

running (0m53.0s), 100/100 VUs, 211900 complete and 0 interrupted iterations
default   [  44% ] 100 VUs  0m53.0s/2m0s

running (0m54.0s), 100/100 VUs, 212400 complete and 0 interrupted iterations
default   [  45% ] 100 VUs  0m54.0s/2m0s

running (0m55.0s), 100/100 VUs, 212898 complete and 0 interrupted iterations
default   [  46% ] 100 VUs  0m55.0s/2m0s

running (0m56.0s), 100/100 VUs, 213313 complete and 0 interrupted iterations
default   [  47% ] 100 VUs  0m56.0s/2m0s

running (0m57.0s), 100/100 VUs, 213813 complete and 0 interrupted iterations
default   [  47% ] 100 VUs  0m57.0s/2m0s

running (0m58.0s), 100/100 VUs, 214300 complete and 0 interrupted iterations
default   [  48% ] 100 VUs  0m58.0s/2m0s

running (0m59.0s), 100/100 VUs, 214713 complete and 0 interrupted iterations
default   [  49% ] 100 VUs  0m59.0s/2m0s

running (1m00.0s), 100/100 VUs, 215213 complete and 0 interrupted iterations
default   [  50% ] 100 VUs  1m00.0s/2m0s

running (1m01.0s), 100/100 VUs, 215713 complete and 0 interrupted iterations
default   [  51% ] 100 VUs  1m01.0s/2m0s

running (1m02.0s), 100/100 VUs, 216213 complete and 0 interrupted iterations
default   [  52% ] 100 VUs  1m02.0s/2m0s

running (1m03.0s), 100/100 VUs, 216613 complete and 0 interrupted iterations
default   [  52% ] 100 VUs  1m03.0s/2m0s

running (1m04.0s), 100/100 VUs, 217113 complete and 0 interrupted iterations
default   [  53% ] 100 VUs  1m04.0s/2m0s

running (1m05.0s), 100/100 VUs, 217613 complete and 0 interrupted iterations
default   [  54% ] 100 VUs  1m05.0s/2m0s

running (1m06.0s), 100/100 VUs, 218013 complete and 0 interrupted iterations
default   [  55% ] 100 VUs  1m06.0s/2m0s

running (1m07.0s), 100/100 VUs, 218513 complete and 0 interrupted iterations
default   [  56% ] 100 VUs  1m07.0s/2m0s

running (1m08.0s), 100/100 VUs, 223151 complete and 0 interrupted iterations
default   [  57% ] 100 VUs  1m08.0s/2m0s

running (1m09.0s), 100/100 VUs, 229501 complete and 0 interrupted iterations
default   [  57% ] 100 VUs  1m09.0s/2m0s

running (1m10.0s), 100/100 VUs, 231441 complete and 0 interrupted iterations
default   [  58% ] 100 VUs  1m10.0s/2m0s

running (1m11.0s), 100/100 VUs, 237495 complete and 0 interrupted iterations
default   [  59% ] 100 VUs  1m11.0s/2m0s

running (1m12.0s), 100/100 VUs, 243081 complete and 0 interrupted iterations
default   [  60% ] 100 VUs  1m12.0s/2m0s

running (1m13.0s), 100/100 VUs, 249088 complete and 0 interrupted iterations
default   [  61% ] 100 VUs  1m13.0s/2m0s

running (1m14.0s), 100/100 VUs, 256464 complete and 0 interrupted iterations
default   [  62% ] 100 VUs  1m14.0s/2m0s

running (1m15.0s), 100/100 VUs, 259183 complete and 0 interrupted iterations
default   [  62% ] 100 VUs  1m15.0s/2m0s

running (1m16.0s), 100/100 VUs, 264295 complete and 0 interrupted iterations
default   [  63% ] 100 VUs  1m16.0s/2m0s

running (1m17.0s), 100/100 VUs, 267956 complete and 0 interrupted iterations
default   [  64% ] 100 VUs  1m17.0s/2m0s

running (1m18.0s), 100/100 VUs, 274130 complete and 0 interrupted iterations
default   [  65% ] 100 VUs  1m18.0s/2m0s

running (1m19.0s), 100/100 VUs, 282165 complete and 0 interrupted iterations
default   [  66% ] 100 VUs  1m19.0s/2m0s

running (1m20.0s), 100/100 VUs, 286467 complete and 0 interrupted iterations
default   [  67% ] 100 VUs  1m20.0s/2m0s

running (1m21.0s), 100/100 VUs, 292243 complete and 0 interrupted iterations
default   [  67% ] 100 VUs  1m21.0s/2m0s

running (1m22.0s), 100/100 VUs, 300166 complete and 0 interrupted iterations
default   [  68% ] 100 VUs  1m22.0s/2m0s

running (1m23.0s), 100/100 VUs, 309054 complete and 0 interrupted iterations
default   [  69% ] 100 VUs  1m23.0s/2m0s

running (1m24.0s), 100/100 VUs, 317861 complete and 0 interrupted iterations
default   [  70% ] 100 VUs  1m24.0s/2m0s

running (1m25.0s), 100/100 VUs, 323553 complete and 0 interrupted iterations
default   [  71% ] 100 VUs  1m25.0s/2m0s

running (1m26.0s), 100/100 VUs, 332443 complete and 0 interrupted iterations
default   [  72% ] 100 VUs  1m26.0s/2m0s

running (1m27.0s), 100/100 VUs, 340687 complete and 0 interrupted iterations
default   [  72% ] 100 VUs  1m27.0s/2m0s

running (1m28.0s), 100/100 VUs, 349795 complete and 0 interrupted iterations
default   [  73% ] 100 VUs  1m28.0s/2m0s

running (1m29.0s), 100/100 VUs, 359325 complete and 0 interrupted iterations
default   [  74% ] 100 VUs  1m29.0s/2m0s

running (1m30.0s), 100/100 VUs, 368729 complete and 0 interrupted iterations
default   [  75% ] 100 VUs  1m30.0s/2m0s

running (1m31.0s), 100/100 VUs, 378313 complete and 0 interrupted iterations
default   [  76% ] 100 VUs  1m31.0s/2m0s

running (1m32.0s), 100/100 VUs, 386694 complete and 0 interrupted iterations
default   [  77% ] 100 VUs  1m32.0s/2m0s

running (1m33.0s), 100/100 VUs, 396310 complete and 0 interrupted iterations
default   [  77% ] 100 VUs  1m33.0s/2m0s

running (1m34.0s), 100/100 VUs, 406021 complete and 0 interrupted iterations
default   [  78% ] 100 VUs  1m34.0s/2m0s

running (1m35.0s), 100/100 VUs, 415759 complete and 0 interrupted iterations
default   [  79% ] 100 VUs  1m35.0s/2m0s

running (1m36.0s), 100/100 VUs, 424918 complete and 0 interrupted iterations
default   [  80% ] 100 VUs  1m36.0s/2m0s

running (1m37.0s), 100/100 VUs, 433654 complete and 0 interrupted iterations
default   [  81% ] 100 VUs  1m37.0s/2m0s

running (1m38.0s), 100/100 VUs, 443620 complete and 0 interrupted iterations
default   [  82% ] 100 VUs  1m38.0s/2m0s

running (1m39.0s), 100/100 VUs, 453797 complete and 0 interrupted iterations
default   [  82% ] 100 VUs  1m39.0s/2m0s

running (1m40.0s), 100/100 VUs, 461272 complete and 0 interrupted iterations
default   [  83% ] 100 VUs  1m40.0s/2m0s

running (1m41.0s), 100/100 VUs, 470820 complete and 0 interrupted iterations
default   [  84% ] 100 VUs  1m41.0s/2m0s

running (1m42.0s), 100/100 VUs, 480703 complete and 0 interrupted iterations
default   [  85% ] 100 VUs  1m42.0s/2m0s

running (1m43.0s), 100/100 VUs, 490565 complete and 0 interrupted iterations
default   [  86% ] 100 VUs  1m43.0s/2m0s

running (1m44.0s), 100/100 VUs, 500522 complete and 0 interrupted iterations
default   [  87% ] 100 VUs  1m44.0s/2m0s

running (1m45.0s), 100/100 VUs, 509861 complete and 0 interrupted iterations
default   [  87% ] 100 VUs  1m45.0s/2m0s

running (1m46.0s), 100/100 VUs, 519456 complete and 0 interrupted iterations
default   [  88% ] 100 VUs  1m46.0s/2m0s

running (1m47.0s), 100/100 VUs, 528988 complete and 0 interrupted iterations
default   [  89% ] 100 VUs  1m47.0s/2m0s

running (1m48.0s), 100/100 VUs, 539038 complete and 0 interrupted iterations
default   [  90% ] 100 VUs  1m48.0s/2m0s

running (1m49.0s), 100/100 VUs, 548620 complete and 0 interrupted iterations
default   [  91% ] 100 VUs  1m49.0s/2m0s

running (1m50.0s), 100/100 VUs, 558501 complete and 0 interrupted iterations
default   [  92% ] 100 VUs  1m50.0s/2m0s

running (1m51.0s), 100/100 VUs, 568163 complete and 0 interrupted iterations
default   [  92% ] 100 VUs  1m51.0s/2m0s

running (1m52.0s), 100/100 VUs, 577959 complete and 0 interrupted iterations
default   [  93% ] 100 VUs  1m52.0s/2m0s

running (1m53.0s), 100/100 VUs, 587670 complete and 0 interrupted iterations
default   [  94% ] 100 VUs  1m53.0s/2m0s

running (1m54.0s), 100/100 VUs, 597242 complete and 0 interrupted iterations
default   [  95% ] 100 VUs  1m54.0s/2m0s

running (1m55.0s), 100/100 VUs, 607570 complete and 0 interrupted iterations
default   [  96% ] 100 VUs  1m55.0s/2m0s

running (1m56.0s), 100/100 VUs, 616793 complete and 0 interrupted iterations
default   [  97% ] 100 VUs  1m56.0s/2m0s

running (1m57.0s), 100/100 VUs, 626501 complete and 0 interrupted iterations
default   [  97% ] 100 VUs  1m57.0s/2m0s

running (1m58.0s), 100/100 VUs, 636544 complete and 0 interrupted iterations
default   [  98% ] 100 VUs  1m58.0s/2m0s

running (1m59.0s), 100/100 VUs, 646266 complete and 0 interrupted iterations
default   [  99% ] 100 VUs  1m59.0s/2m0s

running (2m00.0s), 100/100 VUs, 656112 complete and 0 interrupted iterations
default   [ 100% ] 100 VUs  2m00.0s/2m0s


  █ THRESHOLDS 

    checks
    ✓ 'rate>0.99' rate=100.00%

    http_req_duration
    ✓ 'p(95)<1000' p(95)=31.91ms

    http_req_failed
    ✓ 'rate<0.01' rate=0.00%


  █ TOTAL RESULTS 

    checks_total.......: 1313246 10942.597148/s
    checks_succeeded...: 100.00% 1313246 out of 1313246
    checks_failed......: 0.00%   0 out of 1313246

    ✓ redirect status is 302
    ✓ location header exists

    HTTP
    http_req_duration..............: avg=18.08ms min=1.38ms med=10.87ms max=345.43ms p(90)=21.89ms p(95)=31.91ms
      { expected_response:true }...: avg=18.08ms min=1.38ms med=10.87ms max=345.43ms p(90)=21.89ms p(95)=31.91ms
    http_req_failed................: 0.00%  0 out of 656623
    http_reqs......................: 656623 5471.298574/s

    EXECUTION
    iteration_duration.............: avg=18.25ms min=1.48ms med=11ms    max=346.63ms p(90)=22.15ms p(95)=32.27ms
    iterations.....................: 656623 5471.298574/s
    vus............................: 100    min=100         max=100
    vus_max........................: 100    min=100         max=100

    NETWORK
    data_received..................: 86 MB  712 kB/s
    data_sent......................: 53 MB  438 kB/s




running (2m00.0s), 000/100 VUs, 656623 complete and 0 interrupted iterations
default ✓ [ 100% ] 100 VUs  2m0s
